[INFO] Scanning for projects...
[INFO] 
[INFO] --------------------< com.jaswal:portfoliotracker >---------------------
[INFO] Building PortfolioTracker 0.0.1-SNAPSHOT
[INFO]   from pom.xml
[INFO] --------------------------------[ jar ]---------------------------------
[INFO] 
[INFO] >>> spring-boot:4.0.2:run (default-cli) > test-compile @ portfoliotracker >>>
[INFO] 
[INFO] --- resources:3.3.1:resources (default-resources) @ portfoliotracker ---
[INFO] Copying 1 resource from src\main\resources to target\classes
[INFO] Copying 0 resource from src\main\resources to target\classes
[INFO] 
[INFO] --- compiler:3.14.1:compile (default-compile) @ portfoliotracker ---
[INFO] Recompiling the module because of changed source code.
[INFO] Compiling 37 source files with javac [debug parameters release 21] to target\classes
[INFO] Annotation processing is enabled because one or more processors were found
  on the class path. A future release of javac may disable annotation processing
  unless at least one processor is specified by name (-processor), or a search
  path is specified (--processor-path, --processor-module-path), or annotation
  processing is enabled explicitly (-proc:only, -proc:full).
  Use -Xlint:-options to suppress this message.
  Use -proc:none to disable annotation processing.
[INFO] /C:/Users/jaswa/OneDrive/PortfolioTracker/src/main/java/com/jaswal/portfoliotracker/services/PriceQuoteService.java: C:\Users\jaswa\OneDrive\PortfolioTracker\src\main\java\com\jaswal\portfoliotracker\services\PriceQuoteService.java uses unchecked or unsafe operations.
[INFO] /C:/Users/jaswa/OneDrive/PortfolioTracker/src/main/java/com/jaswal/portfoliotracker/services/PriceQuoteService.java: Recompile with -Xlint:unchecked for details.
[INFO] 
[INFO] --- resources:3.3.1:testResources (default-testResources) @ portfoliotracker ---
[INFO] skip non existing resourceDirectory C:\Users\jaswa\OneDrive\PortfolioTracker\src\test\resources
[INFO] 
[INFO] --- compiler:3.14.1:testCompile (default-testCompile) @ portfoliotracker ---
[INFO] Recompiling the module because of changed dependency.
[INFO] Compiling 4 source files with javac [debug parameters release 21] to target\test-classes
[INFO] Annotation processing is enabled because one or more processors were found
  on the class path. A future release of javac may disable annotation processing
  unless at least one processor is specified by name (-processor), or a search
  path is specified (--processor-path, --processor-module-path), or annotation
  processing is enabled explicitly (-proc:only, -proc:full).
  Use -Xlint:-options to suppress this message.
  Use -proc:none to disable annotation processing.
[INFO] 
[INFO] <<< spring-boot:4.0.2:run (default-cli) < test-compile @ portfoliotracker <<<
[INFO] 
[INFO] 
[INFO] --- spring-boot:4.0.2:run (default-cli) @ portfoliotracker ---
[INFO] Attaching agents: []

  .   ____          _            __ _ _
 /\\ / ___'_ __ _ _(_)_ __  __ _ \ \ \ \
( ( )\___ | '_ | '_| | '_ \/ _` | \ \ \ \
 \\/  ___)| |_)| | | | | || (_| |  ) ) ) )
  '  |____| .__|_| |_|_| |_\__, | / / / /
 =========|_|==============|___/=/_/_/_/

 :: Spring Boot ::                (v4.0.2)

2026-05-27T20:13:47.162-06:00  INFO 26720 --- [PortfolioTracker] [           main] c.j.p.PortfolioTrackerApplication        : Starting PortfolioTrackerApplication using Java 21.0.9 with PID 26720 (C:\Users\jaswa\OneDrive\PortfolioTracker\target\classes started by jaswa in C:\Users\jaswa\OneDrive\PortfolioTracker)
2026-05-27T20:13:47.169-06:00  INFO 26720 --- [PortfolioTracker] [           main] c.j.p.PortfolioTrackerApplication        : No active profile set, falling back to 1 default profile: "default"
2026-05-27T20:13:48.859-06:00  INFO 26720 --- [PortfolioTracker] [           main] .s.d.r.c.RepositoryConfigurationDelegate : Bootstrapping Spring Data JPA repositories in DEFAULT mode.
2026-05-27T20:13:49.036-06:00  INFO 26720 --- [PortfolioTracker] [           main] .s.d.r.c.RepositoryConfigurationDelegate : Finished Spring Data repository scanning in 156 ms. Found 7 JPA repository interfaces.
2026-05-27T20:13:50.478-06:00  INFO 26720 --- [PortfolioTracker] [           main] o.s.boot.tomcat.TomcatWebServer          : Tomcat initialized with port 8080 (http)
2026-05-27T20:13:50.509-06:00  INFO 26720 --- [PortfolioTracker] [           main] o.apache.catalina.core.StandardService   : Starting service [Tomcat]
2026-05-27T20:13:50.510-06:00  INFO 26720 --- [PortfolioTracker] [           main] o.apache.catalina.core.StandardEngine    : Starting Servlet engine: [Apache Tomcat/11.0.15]
2026-05-27T20:13:50.651-06:00  INFO 26720 --- [PortfolioTracker] [           main] b.w.c.s.WebApplicationContextInitializer : Root WebApplicationContext: initialization completed in 3354 ms
2026-05-27T20:13:50.917-06:00  INFO 26720 --- [PortfolioTracker] [           main] org.hibernate.orm.jpa                    : HHH008540: Processing PersistenceUnitInfo [name: default]
2026-05-27T20:13:51.061-06:00  INFO 26720 --- [PortfolioTracker] [           main] org.hibernate.orm.core                   : HHH000001: Hibernate ORM core version 7.2.1.Final
2026-05-27T20:13:52.160-06:00  INFO 26720 --- [PortfolioTracker] [           main] o.s.o.j.p.SpringPersistenceUnitInfo      : No LoadTimeWeaver setup: ignoring JPA class transformer
2026-05-27T20:13:52.241-06:00  INFO 26720 --- [PortfolioTracker] [           main] com.zaxxer.hikari.HikariDataSource       : HikariPool-1 - Starting...
2026-05-27T20:13:53.290-06:00  INFO 26720 --- [PortfolioTracker] [           main] com.zaxxer.hikari.pool.HikariPool        : HikariPool-1 - Added connection com.mysql.cj.jdbc.ConnectionImpl@16944b58
2026-05-27T20:13:53.295-06:00  INFO 26720 --- [PortfolioTracker] [           main] com.zaxxer.hikari.HikariDataSource       : HikariPool-1 - Start completed.
2026-05-27T20:13:53.492-06:00  WARN 26720 --- [PortfolioTracker] [           main] org.hibernate.orm.deprecation            : HHH90000025: MySQLDialect does not need to be specified explicitly using 'hibernate.dialect' (remove the property setting and it will be selected by default)
2026-05-27T20:13:53.547-06:00  INFO 26720 --- [PortfolioTracker] [           main] org.hibernate.orm.connections.pooling    : HHH10001005: Database info:
	Database JDBC URL [jdbc:mysql://localhost:3306/portfolio_tracker]
	Database driver: MySQL Connector/J
	Database dialect: MySQLDialect
	Database version: 8.0.44
	Default catalog/schema: portfolio_tracker/undefined
	Autocommit mode: undefined/unknown
	Isolation level: REPEATABLE_READ [default REPEATABLE_READ]
	JDBC fetch size: none
	Pool: DataSourceConnectionProvider
	Minimum pool size: undefined/unknown
	Maximum pool size: undefined/unknown
2026-05-27T20:13:56.299-06:00  INFO 26720 --- [PortfolioTracker] [           main] org.hibernate.orm.core                   : HHH000489: No JTA platform available (set 'hibernate.transaction.jta.platform' to enable JTA platform integration)
2026-05-27T20:13:56.577-06:00  INFO 26720 --- [PortfolioTracker] [           main] j.LocalContainerEntityManagerFactoryBean : Initialized JPA EntityManagerFactory for persistence unit 'default'
2026-05-27T20:13:56.765-06:00  INFO 26720 --- [PortfolioTracker] [           main] o.s.d.j.r.query.QueryEnhancerFactories   : Hibernate is in classpath; If applicable, HQL parser will be used.
2026-05-27T20:13:58.133-06:00  WARN 26720 --- [PortfolioTracker] [           main] JpaBaseConfiguration$JpaWebConfiguration : spring.jpa.open-in-view is enabled by default. Therefore, database queries may be performed during view rendering. Explicitly configure spring.jpa.open-in-view to disable this warning
2026-05-27T20:13:58.322-06:00  WARN 26720 --- [PortfolioTracker] [           main] .s.a.UserDetailsServiceAutoConfiguration : 

Using generated security password: ff6d9f39-756c-44b0-a2f7-6112c7f90479

This generated password is for development use only. Your security configuration must be updated before running your application in production.

2026-05-27T20:13:58.350-06:00  INFO 26720 --- [PortfolioTracker] [           main] r$InitializeUserDetailsManagerConfigurer : Global AuthenticationManager configured with UserDetailsService bean with name inMemoryUserDetailsManager
2026-05-27T20:13:59.644-06:00  INFO 26720 --- [PortfolioTracker] [           main] o.s.boot.tomcat.TomcatWebServer          : Tomcat started on port 8080 (http) with context path '/'
2026-05-27T20:13:59.665-06:00  INFO 26720 --- [PortfolioTracker] [           main] c.j.p.PortfolioTrackerApplication        : Started PortfolioTrackerApplication in 13.532 seconds (process running for 14.435)
2026-05-27T20:14:05.044-06:00  INFO 26720 --- [PortfolioTracker] [nio-8080-exec-2] o.a.c.c.C.[Tomcat].[localhost].[/]       : Initializing Spring DispatcherServlet 'dispatcherServlet'
2026-05-27T20:14:05.045-06:00  INFO 26720 --- [PortfolioTracker] [nio-8080-exec-2] o.s.web.servlet.DispatcherServlet        : Initializing Servlet 'dispatcherServlet'
2026-05-27T20:14:05.050-06:00  INFO 26720 --- [PortfolioTracker] [nio-8080-exec-2] o.s.web.servlet.DispatcherServlet        : Completed initialization in 4 ms
2026-05-27T20:14:05.095-06:00  WARN 26720 --- [PortfolioTracker] [nio-8080-exec-2] o.s.w.s.h.HandlerMappingIntrospector     : Cache miss for REQUEST dispatch to '/api/users/login' (previous null). Performing CorsConfiguration lookup. This is logged once only at WARN level, and every time at TRACE.
Hibernate: select u1_0.user_id,u1_0.email,u1_0.password,u1_0.username from users u1_0 where u1_0.username=?
Hibernate: select u1_0.user_id,u1_0.email,u1_0.password,u1_0.username from users u1_0 where u1_0.username=?
Hibernate: select u1_0.user_id,u1_0.email,u1_0.password,u1_0.username from users u1_0 where u1_0.username=?
Hibernate: insert into users (email,password,username) values (?,?,?)
Hibernate: select u1_0.user_id,u1_0.email,u1_0.password,u1_0.username from users u1_0 where u1_0.username=?
Hibernate: select u1_0.user_id,u1_0.email,u1_0.password,u1_0.username from users u1_0 where u1_0.username=?
Hibernate: insert into users (email,password,username) values (?,?,?)
Hibernate: select u1_0.user_id,u1_0.email,u1_0.password,u1_0.username from users u1_0 where u1_0.username=?
Hibernate: select u1_0.user_id,u1_0.email,u1_0.password,u1_0.username from users u1_0 where u1_0.user_id=?
Hibernate: select u1_0.user_id,u1_0.email,u1_0.password,u1_0.username from users u1_0 where u1_0.user_id=?
Hibernate: select u1_0.user_id,u1_0.email,u1_0.password,u1_0.username from users u1_0 where u1_0.user_id=?
Hibernate: insert into portfolios (created_by,name) values (?,?)
Hibernate: insert into membership (portfolio_id,role,user_id) values (?,?,?)
Hibernate: select count(*) from users u1_0 where u1_0.user_id=?
Hibernate: select m1_0.membership_id,m1_0.portfolio_id,m1_0.role,m1_0.user_id from membership m1_0 where m1_0.user_id=?
Hibernate: select p1_0.portfolio_id,cb1_0.user_id,cb1_0.email,cb1_0.password,cb1_0.username,p1_0.name from portfolios p1_0 left join users cb1_0 on cb1_0.user_id=p1_0.created_by where p1_0.portfolio_id=?
Hibernate: select m1_0.membership_id,m1_0.portfolio_id,m1_0.role,m1_0.user_id from membership m1_0 where m1_0.user_id=? and m1_0.portfolio_id=?
Hibernate: select count(*) from portfolios p1_0 where p1_0.portfolio_id=?
Hibernate: select p1_0.position_id,p1_0.asset_type,p1_0.average_cost_per_unit,p1_0.portfolio_id,p1_0.symbol,p1_0.total_cost,p1_0.total_quantity from positions p1_0 where p1_0.portfolio_id=?
Hibernate: select m1_0.membership_id,m1_0.portfolio_id,m1_0.role,m1_0.user_id from membership m1_0 where m1_0.user_id=? and m1_0.portfolio_id=?
Hibernate: select count(*) from portfolios p1_0 where p1_0.portfolio_id=?
Hibernate: select p1_0.position_id,p1_0.asset_type,p1_0.average_cost_per_unit,p1_0.portfolio_id,p1_0.symbol,p1_0.total_cost,p1_0.total_quantity from positions p1_0 where p1_0.portfolio_id=?
Hibernate: select count(*) from portfolios p1_0 where p1_0.portfolio_id=?
Hibernate: select p1_0.position_id,p1_0.asset_type,p1_0.average_cost_per_unit,p1_0.portfolio_id,p1_0.symbol,p1_0.total_cost,p1_0.total_quantity from positions p1_0 where p1_0.portfolio_id=?
Hibernate: select p1_0.position_id,p1_0.asset_type,p1_0.average_cost_per_unit,p1_0.portfolio_id,p1_0.symbol,p1_0.total_cost,p1_0.total_quantity from positions p1_0 where p1_0.portfolio_id=? and p1_0.symbol=?
Hibernate: select u1_0.user_id,u1_0.email,u1_0.password,u1_0.username from users u1_0 where u1_0.user_id=?
Hibernate: select count(*) from users u1_0 where u1_0.user_id=?
Hibernate: select m1_0.membership_id,m1_0.portfolio_id,m1_0.role,m1_0.user_id from membership m1_0 where m1_0.user_id=?
Hibernate: select p1_0.portfolio_id,cb1_0.user_id,cb1_0.email,cb1_0.password,cb1_0.username,p1_0.name from portfolios p1_0 left join users cb1_0 on cb1_0.user_id=p1_0.created_by where p1_0.portfolio_id=?
Hibernate: select m1_0.membership_id,m1_0.portfolio_id,m1_0.role,m1_0.user_id from membership m1_0 where m1_0.user_id=? and m1_0.portfolio_id=?
Hibernate: select count(*) from portfolios p1_0 where p1_0.portfolio_id=?
Hibernate: select p1_0.position_id,p1_0.asset_type,p1_0.average_cost_per_unit,p1_0.portfolio_id,p1_0.symbol,p1_0.total_cost,p1_0.total_quantity from positions p1_0 where p1_0.portfolio_id=?
Hibernate: select m1_0.membership_id,m1_0.portfolio_id,m1_0.role,m1_0.user_id from membership m1_0 where m1_0.user_id=? and m1_0.portfolio_id=?
Hibernate: select count(*) from portfolios p1_0 where p1_0.portfolio_id=?
Hibernate: select p1_0.position_id,p1_0.asset_type,p1_0.average_cost_per_unit,p1_0.portfolio_id,p1_0.symbol,p1_0.total_cost,p1_0.total_quantity from positions p1_0 where p1_0.portfolio_id=?
Hibernate: select count(*) from portfolios p1_0 where p1_0.portfolio_id=?
Hibernate: select p1_0.position_id,p1_0.asset_type,p1_0.average_cost_per_unit,p1_0.portfolio_id,p1_0.symbol,p1_0.total_cost,p1_0.total_quantity from positions p1_0 where p1_0.portfolio_id=?
Hibernate: select p1_0.position_id,p1_0.asset_type,p1_0.average_cost_per_unit,p1_0.portfolio_id,p1_0.symbol,p1_0.total_cost,p1_0.total_quantity from positions p1_0 where p1_0.portfolio_id=? and p1_0.symbol=?
Hibernate: select u1_0.user_id,u1_0.email,u1_0.password,u1_0.username from users u1_0 where u1_0.user_id=?
Hibernate: select count(*) from users u1_0 where u1_0.user_id=?
Hibernate: select m1_0.membership_id,m1_0.portfolio_id,m1_0.role,m1_0.user_id from membership m1_0 where m1_0.user_id=?
Hibernate: select p1_0.portfolio_id,cb1_0.user_id,cb1_0.email,cb1_0.password,cb1_0.username,p1_0.name from portfolios p1_0 left join users cb1_0 on cb1_0.user_id=p1_0.created_by where p1_0.portfolio_id=?
Hibernate: select m1_0.membership_id,m1_0.portfolio_id,m1_0.role,m1_0.user_id from membership m1_0 where m1_0.user_id=? and m1_0.portfolio_id=?
Hibernate: select count(*) from portfolios p1_0 where p1_0.portfolio_id=?
Hibernate: select p1_0.position_id,p1_0.asset_type,p1_0.average_cost_per_unit,p1_0.portfolio_id,p1_0.symbol,p1_0.total_cost,p1_0.total_quantity from positions p1_0 where p1_0.portfolio_id=?
Hibernate: select m1_0.membership_id,m1_0.portfolio_id,m1_0.role,m1_0.user_id from membership m1_0 where m1_0.user_id=? and m1_0.portfolio_id=?
Hibernate: select count(*) from portfolios p1_0 where p1_0.portfolio_id=?
Hibernate: select p1_0.position_id,p1_0.asset_type,p1_0.average_cost_per_unit,p1_0.portfolio_id,p1_0.symbol,p1_0.total_cost,p1_0.total_quantity from positions p1_0 where p1_0.portfolio_id=?
Hibernate: select count(*) from portfolios p1_0 where p1_0.portfolio_id=?
Hibernate: select p1_0.position_id,p1_0.asset_type,p1_0.average_cost_per_unit,p1_0.portfolio_id,p1_0.symbol,p1_0.total_cost,p1_0.total_quantity from positions p1_0 where p1_0.portfolio_id=?
Hibernate: select p1_0.position_id,p1_0.asset_type,p1_0.average_cost_per_unit,p1_0.portfolio_id,p1_0.symbol,p1_0.total_cost,p1_0.total_quantity from positions p1_0 where p1_0.portfolio_id=? and p1_0.symbol=?
Hibernate: select u1_0.user_id,u1_0.email,u1_0.password,u1_0.username from users u1_0 where u1_0.user_id=?
Hibernate: select u1_0.user_id,u1_0.email,u1_0.password,u1_0.username from users u1_0 where u1_0.user_id=?
Hibernate: select u1_0.user_id,u1_0.email,u1_0.password,u1_0.username from users u1_0 where u1_0.user_id=?
Hibernate: select p1_0.portfolio_id,cb1_0.user_id,cb1_0.email,cb1_0.password,cb1_0.username,p1_0.name from portfolios p1_0 left join users cb1_0 on cb1_0.user_id=p1_0.created_by where p1_0.portfolio_id=?
Hibernate: select count(*) from portfolios p1_0 where p1_0.portfolio_id=?
Hibernate: select p1_0.position_id,p1_0.asset_type,p1_0.average_cost_per_unit,p1_0.portfolio_id,p1_0.symbol,p1_0.total_cost,p1_0.total_quantity from positions p1_0 where p1_0.portfolio_id=?
Hibernate: select count(*) from portfolios p1_0 where p1_0.portfolio_id=?
Hibernate: select m1_0.membership_id,m1_0.portfolio_id,m1_0.role,m1_0.user_id from membership m1_0 where m1_0.user_id=? and m1_0.portfolio_id=?
Hibernate: select count(*) from portfolios p1_0 where p1_0.portfolio_id=?
Hibernate: select m1_0.membership_id,m1_0.portfolio_id,m1_0.role,m1_0.user_id from membership m1_0 where m1_0.portfolio_id=?
Hibernate: select p1_0.position_id,p1_0.asset_type,p1_0.average_cost_per_unit,p1_0.portfolio_id,p1_0.symbol,p1_0.total_cost,p1_0.total_quantity from positions p1_0 where p1_0.portfolio_id=?
Hibernate: select p1_0.portfolio_id,cb1_0.user_id,cb1_0.email,cb1_0.password,cb1_0.username,p1_0.name from portfolios p1_0 left join users cb1_0 on cb1_0.user_id=p1_0.created_by where p1_0.portfolio_id=?
Hibernate: select u1_0.user_id,u1_0.email,u1_0.password,u1_0.username from users u1_0 where u1_0.user_id=?
Hibernate: select m1_0.membership_id,m1_0.portfolio_id,m1_0.role,m1_0.user_id from membership m1_0 where m1_0.user_id=? and m1_0.portfolio_id=?
Hibernate: select count(*) from portfolios p1_0 where p1_0.portfolio_id=?
Hibernate: select count(*) from portfolios p1_0 where p1_0.portfolio_id=?
Hibernate: select p1_0.position_id,p1_0.asset_type,p1_0.average_cost_per_unit,p1_0.portfolio_id,p1_0.symbol,p1_0.total_cost,p1_0.total_quantity from positions p1_0 where p1_0.portfolio_id=?
Hibernate: select p1_0.position_id,p1_0.asset_type,p1_0.average_cost_per_unit,p1_0.portfolio_id,p1_0.symbol,p1_0.total_cost,p1_0.total_quantity from positions p1_0 where p1_0.portfolio_id=?
Hibernate: select count(*) from portfolios p1_0 where p1_0.portfolio_id=?
Hibernate: select p1_0.position_id,p1_0.asset_type,p1_0.average_cost_per_unit,p1_0.portfolio_id,p1_0.symbol,p1_0.total_cost,p1_0.total_quantity from positions p1_0 where p1_0.portfolio_id=?
Hibernate: select p1_0.position_id,p1_0.asset_type,p1_0.average_cost_per_unit,p1_0.portfolio_id,p1_0.symbol,p1_0.total_cost,p1_0.total_quantity from positions p1_0 where p1_0.portfolio_id=? and p1_0.symbol=?
Hibernate: select u1_0.user_id,u1_0.email,u1_0.password,u1_0.username from users u1_0 where u1_0.user_id=?
Hibernate: select u1_0.user_id,u1_0.email,u1_0.password,u1_0.username from users u1_0 where u1_0.user_id=?
Hibernate: select count(*) from portfolios p1_0 where p1_0.portfolio_id=?
Hibernate: select m1_0.membership_id,m1_0.portfolio_id,m1_0.role,m1_0.user_id from membership m1_0 where m1_0.portfolio_id=?
Hibernate: select p1_0.portfolio_id,cb1_0.user_id,cb1_0.email,cb1_0.password,cb1_0.username,p1_0.name from portfolios p1_0 left join users cb1_0 on cb1_0.user_id=p1_0.created_by where p1_0.portfolio_id=?
Hibernate: select p1_0.portfolio_id,cb1_0.user_id,cb1_0.email,cb1_0.password,cb1_0.username,p1_0.name from portfolios p1_0 left join users cb1_0 on cb1_0.user_id=p1_0.created_by where p1_0.portfolio_id=?
Hibernate: select m1_0.membership_id,m1_0.portfolio_id,m1_0.role,m1_0.user_id from membership m1_0 where m1_0.user_id=? and m1_0.portfolio_id=?
Hibernate: select count(*) from portfolios p1_0 where p1_0.portfolio_id=?
Hibernate: select p1_0.position_id,p1_0.asset_type,p1_0.average_cost_per_unit,p1_0.portfolio_id,p1_0.symbol,p1_0.total_cost,p1_0.total_quantity from positions p1_0 where p1_0.portfolio_id=?
Hibernate: select m1_0.membership_id,m1_0.portfolio_id,m1_0.role,m1_0.user_id from membership m1_0 where m1_0.user_id=? and m1_0.portfolio_id=?
Hibernate: select count(*) from portfolios p1_0 where p1_0.portfolio_id=?
Hibernate: select p1_0.position_id,p1_0.asset_type,p1_0.average_cost_per_unit,p1_0.portfolio_id,p1_0.symbol,p1_0.total_cost,p1_0.total_quantity from positions p1_0 where p1_0.portfolio_id=?
Hibernate: select count(*) from portfolios p1_0 where p1_0.portfolio_id=?
Hibernate: select p1_0.position_id,p1_0.asset_type,p1_0.average_cost_per_unit,p1_0.portfolio_id,p1_0.symbol,p1_0.total_cost,p1_0.total_quantity from positions p1_0 where p1_0.portfolio_id=?
Hibernate: select p1_0.position_id,p1_0.asset_type,p1_0.average_cost_per_unit,p1_0.portfolio_id,p1_0.symbol,p1_0.total_cost,p1_0.total_quantity from positions p1_0 where p1_0.portfolio_id=? and p1_0.symbol=?
Hibernate: select u1_0.user_id,u1_0.email,u1_0.password,u1_0.username from users u1_0 where u1_0.user_id=?
Hibernate: select m1_0.membership_id,m1_0.portfolio_id,m1_0.role,m1_0.user_id from membership m1_0 where m1_0.user_id=? and m1_0.portfolio_id=?
Hibernate: select p1_0.portfolio_id,cb1_0.user_id,cb1_0.email,cb1_0.password,cb1_0.username,p1_0.name from portfolios p1_0 left join users cb1_0 on cb1_0.user_id=p1_0.created_by where p1_0.portfolio_id=?
Hibernate: select t1_0.transaction_id,t1_0.asset_type,t1_0.portfolio_id,t1_0.price_per_unit,t1_0.quantity,t1_0.symbol,t1_0.timestamp,t1_0.transaction_type from transactions t1_0 where t1_0.portfolio_id=?
Hibernate: select u1_0.user_id,u1_0.email,u1_0.password,u1_0.username from users u1_0 where u1_0.user_id=?
Hibernate: select m1_0.membership_id,m1_0.portfolio_id,m1_0.role,m1_0.user_id from membership m1_0 where m1_0.user_id=? and m1_0.portfolio_id=?
Hibernate: select p1_0.portfolio_id,cb1_0.user_id,cb1_0.email,cb1_0.password,cb1_0.username,p1_0.name from portfolios p1_0 left join users cb1_0 on cb1_0.user_id=p1_0.created_by where p1_0.portfolio_id=?
Hibernate: select m1_0.membership_id,m1_0.portfolio_id,m1_0.role,m1_0.user_id from membership m1_0 where m1_0.user_id=? and m1_0.portfolio_id=?
Hibernate: select count(*) from portfolios p1_0 where p1_0.portfolio_id=?
Hibernate: select p1_0.position_id,p1_0.asset_type,p1_0.average_cost_per_unit,p1_0.portfolio_id,p1_0.symbol,p1_0.total_cost,p1_0.total_quantity from positions p1_0 where p1_0.portfolio_id=?
Hibernate: insert into transactions (asset_type,portfolio_id,price_per_unit,quantity,symbol,timestamp,transaction_type) values (?,?,?,?,?,?,?)
Hibernate: select p1_0.position_id,p1_0.asset_type,p1_0.average_cost_per_unit,p1_0.portfolio_id,p1_0.symbol,p1_0.total_cost,p1_0.total_quantity from positions p1_0 where p1_0.portfolio_id=? and p1_0.symbol=?
Hibernate: insert into positions (asset_type,average_cost_per_unit,portfolio_id,symbol,total_cost,total_quantity) values (?,?,?,?,?,?)
Hibernate: select count(*) from portfolios p1_0 where p1_0.portfolio_id=?
Hibernate: select p1_0.position_id,p1_0.asset_type,p1_0.average_cost_per_unit,p1_0.portfolio_id,p1_0.symbol,p1_0.total_cost,p1_0.total_quantity from positions p1_0 where p1_0.portfolio_id=? and p1_0.symbol=?
Hibernate: select u1_0.user_id,u1_0.email,u1_0.password,u1_0.username from users u1_0 where u1_0.user_id=?
Hibernate: select u1_0.user_id,u1_0.email,u1_0.password,u1_0.username from users u1_0 where u1_0.user_id=?
Hibernate: select p1_0.portfolio_id,cb1_0.user_id,cb1_0.email,cb1_0.password,cb1_0.username,p1_0.name from portfolios p1_0 left join users cb1_0 on cb1_0.user_id=p1_0.created_by where p1_0.portfolio_id=?
Hibernate: select count(*) from portfolios p1_0 where p1_0.portfolio_id=?
Hibernate: select p1_0.position_id,p1_0.asset_type,p1_0.average_cost_per_unit,p1_0.portfolio_id,p1_0.symbol,p1_0.total_cost,p1_0.total_quantity from positions p1_0 where p1_0.portfolio_id=?
Hibernate: select m1_0.membership_id,m1_0.portfolio_id,m1_0.role,m1_0.user_id from membership m1_0 where m1_0.user_id=? and m1_0.portfolio_id=?
Hibernate: select p1_0.portfolio_id,cb1_0.user_id,cb1_0.email,cb1_0.password,cb1_0.username,p1_0.name from portfolios p1_0 left join users cb1_0 on cb1_0.user_id=p1_0.created_by where p1_0.portfolio_id=?
Hibernate: select count(*) from portfolios p1_0 where p1_0.portfolio_id=?
Hibernate: select p1_0.position_id,p1_0.asset_type,p1_0.average_cost_per_unit,p1_0.portfolio_id,p1_0.symbol,p1_0.total_cost,p1_0.total_quantity from positions p1_0 where p1_0.portfolio_id=?
Hibernate: select m1_0.membership_id,m1_0.portfolio_id,m1_0.role,m1_0.user_id from membership m1_0 where m1_0.user_id=? and m1_0.portfolio_id=?
Hibernate: select count(*) from portfolios p1_0 where p1_0.portfolio_id=?
Hibernate: select p1_0.position_id,p1_0.asset_type,p1_0.average_cost_per_unit,p1_0.portfolio_id,p1_0.symbol,p1_0.total_cost,p1_0.total_quantity from positions p1_0 where p1_0.portfolio_id=?
Hibernate: select count(*) from portfolios p1_0 where p1_0.portfolio_id=?
Hibernate: select p1_0.position_id,p1_0.asset_type,p1_0.average_cost_per_unit,p1_0.portfolio_id,p1_0.symbol,p1_0.total_cost,p1_0.total_quantity from positions p1_0 where p1_0.portfolio_id=?
Hibernate: select p1_0.position_id,p1_0.asset_type,p1_0.average_cost_per_unit,p1_0.portfolio_id,p1_0.symbol,p1_0.total_cost,p1_0.total_quantity from positions p1_0 where p1_0.portfolio_id=? and p1_0.symbol=?
Hibernate: select u1_0.user_id,u1_0.email,u1_0.password,u1_0.username from users u1_0 where u1_0.user_id=?
Hibernate: select m1_0.membership_id,m1_0.portfolio_id,m1_0.role,m1_0.user_id from membership m1_0 where m1_0.user_id=? and m1_0.portfolio_id=?
Hibernate: select p1_0.portfolio_id,cb1_0.user_id,cb1_0.email,cb1_0.password,cb1_0.username,p1_0.name from portfolios p1_0 left join users cb1_0 on cb1_0.user_id=p1_0.created_by where p1_0.portfolio_id=?
Hibernate: select t1_0.transaction_id,t1_0.asset_type,t1_0.portfolio_id,t1_0.price_per_unit,t1_0.quantity,t1_0.symbol,t1_0.timestamp,t1_0.transaction_type from transactions t1_0 where t1_0.portfolio_id=?
Hibernate: select u1_0.user_id,u1_0.email,u1_0.password,u1_0.username from users u1_0 where u1_0.user_id=?
Hibernate: select pq1_0.symbol,pq1_0.asset_type,pq1_0.last_updated,pq1_0.price,pq1_0.source from price_quotes pq1_0 where pq1_0.symbol=?
Hibernate: select pq1_0.symbol,pq1_0.asset_type,pq1_0.last_updated,pq1_0.price,pq1_0.source from price_quotes pq1_0 where pq1_0.symbol=?
Hibernate: insert into price_quotes (asset_type,last_updated,price,source,symbol) values (?,?,?,?,?)
Hibernate: select m1_0.membership_id,m1_0.portfolio_id,m1_0.role,m1_0.user_id from membership m1_0 where m1_0.user_id=? and m1_0.portfolio_id=?
Hibernate: select p1_0.portfolio_id,cb1_0.user_id,cb1_0.email,cb1_0.password,cb1_0.username,p1_0.name from portfolios p1_0 left join users cb1_0 on cb1_0.user_id=p1_0.created_by where p1_0.portfolio_id=?
Hibernate: select p1_0.position_id,p1_0.asset_type,p1_0.average_cost_per_unit,p1_0.portfolio_id,p1_0.symbol,p1_0.total_cost,p1_0.total_quantity from positions p1_0 where p1_0.portfolio_id=? and p1_0.symbol=?
Hibernate: insert into transactions (asset_type,portfolio_id,price_per_unit,quantity,symbol,timestamp,transaction_type) values (?,?,?,?,?,?,?)
Hibernate: select p1_0.position_id,p1_0.asset_type,p1_0.average_cost_per_unit,p1_0.portfolio_id,p1_0.symbol,p1_0.total_cost,p1_0.total_quantity from positions p1_0 where p1_0.portfolio_id=? and p1_0.symbol=?
Hibernate: insert into positions (asset_type,average_cost_per_unit,portfolio_id,symbol,total_cost,total_quantity) values (?,?,?,?,?,?)
Hibernate: update positions set asset_type=?,average_cost_per_unit=?,portfolio_id=?,symbol=?,total_cost=?,total_quantity=? where position_id=?
Hibernate: select count(*) from portfolios p1_0 where p1_0.portfolio_id=?
Hibernate: select p1_0.position_id,p1_0.asset_type,p1_0.average_cost_per_unit,p1_0.portfolio_id,p1_0.symbol,p1_0.total_cost,p1_0.total_quantity from positions p1_0 where p1_0.portfolio_id=? and p1_0.symbol=?
Hibernate: select count(*) from portfolios p1_0 where p1_0.portfolio_id=?
Hibernate: select p1_0.position_id,p1_0.asset_type,p1_0.average_cost_per_unit,p1_0.portfolio_id,p1_0.symbol,p1_0.total_cost,p1_0.total_quantity from positions p1_0 where p1_0.portfolio_id=? and p1_0.symbol=?
Hibernate: select u1_0.user_id,u1_0.email,u1_0.password,u1_0.username from users u1_0 where u1_0.user_id=?
Hibernate: select u1_0.user_id,u1_0.email,u1_0.password,u1_0.username from users u1_0 where u1_0.user_id=?
Hibernate: select count(*) from portfolios p1_0 where p1_0.portfolio_id=?
Hibernate: select p1_0.portfolio_id,cb1_0.user_id,cb1_0.email,cb1_0.password,cb1_0.username,p1_0.name from portfolios p1_0 left join users cb1_0 on cb1_0.user_id=p1_0.created_by where p1_0.portfolio_id=?
Hibernate: select p1_0.position_id,p1_0.asset_type,p1_0.average_cost_per_unit,p1_0.portfolio_id,p1_0.symbol,p1_0.total_cost,p1_0.total_quantity from positions p1_0 where p1_0.portfolio_id=?
Hibernate: select p1_0.portfolio_id,cb1_0.user_id,cb1_0.email,cb1_0.password,cb1_0.username,p1_0.name from portfolios p1_0 left join users cb1_0 on cb1_0.user_id=p1_0.created_by where p1_0.portfolio_id=?
Hibernate: select m1_0.membership_id,m1_0.portfolio_id,m1_0.role,m1_0.user_id from membership m1_0 where m1_0.user_id=? and m1_0.portfolio_id=?
Hibernate: select count(*) from portfolios p1_0 where p1_0.portfolio_id=?
Hibernate: select p1_0.position_id,p1_0.asset_type,p1_0.average_cost_per_unit,p1_0.portfolio_id,p1_0.symbol,p1_0.total_cost,p1_0.total_quantity from positions p1_0 where p1_0.portfolio_id=?
Hibernate: select pq1_0.symbol,pq1_0.asset_type,pq1_0.last_updated,pq1_0.price,pq1_0.source from price_quotes pq1_0 where pq1_0.symbol=?
Hibernate: select m1_0.membership_id,m1_0.portfolio_id,m1_0.role,m1_0.user_id from membership m1_0 where m1_0.user_id=? and m1_0.portfolio_id=?
Hibernate: select count(*) from portfolios p1_0 where p1_0.portfolio_id=?
Hibernate: select p1_0.position_id,p1_0.asset_type,p1_0.average_cost_per_unit,p1_0.portfolio_id,p1_0.symbol,p1_0.total_cost,p1_0.total_quantity from positions p1_0 where p1_0.portfolio_id=?
Hibernate: select count(*) from portfolios p1_0 where p1_0.portfolio_id=?
Hibernate: select p1_0.position_id,p1_0.asset_type,p1_0.average_cost_per_unit,p1_0.portfolio_id,p1_0.symbol,p1_0.total_cost,p1_0.total_quantity from positions p1_0 where p1_0.portfolio_id=?
Hibernate: select p1_0.position_id,p1_0.asset_type,p1_0.average_cost_per_unit,p1_0.portfolio_id,p1_0.symbol,p1_0.total_cost,p1_0.total_quantity from positions p1_0 where p1_0.portfolio_id=? and p1_0.symbol=?
Hibernate: select u1_0.user_id,u1_0.email,u1_0.password,u1_0.username from users u1_0 where u1_0.user_id=?
Hibernate: select m1_0.membership_id,m1_0.portfolio_id,m1_0.role,m1_0.user_id from membership m1_0 where m1_0.user_id=? and m1_0.portfolio_id=?
Hibernate: select p1_0.portfolio_id,cb1_0.user_id,cb1_0.email,cb1_0.password,cb1_0.username,p1_0.name from portfolios p1_0 left join users cb1_0 on cb1_0.user_id=p1_0.created_by where p1_0.portfolio_id=?
Hibernate: select u1_0.user_id,u1_0.email,u1_0.password,u1_0.username from users u1_0 where u1_0.user_id=?
Hibernate: select t1_0.transaction_id,t1_0.asset_type,t1_0.portfolio_id,t1_0.price_per_unit,t1_0.quantity,t1_0.symbol,t1_0.timestamp,t1_0.transaction_type from transactions t1_0 where t1_0.portfolio_id=?
Hibernate: select count(*) from portfolios p1_0 where p1_0.portfolio_id=?
Hibernate: select p1_0.position_id,p1_0.asset_type,p1_0.average_cost_per_unit,p1_0.portfolio_id,p1_0.symbol,p1_0.total_cost,p1_0.total_quantity from positions p1_0 where p1_0.portfolio_id=? and p1_0.symbol=?
Hibernate: select p1_0.portfolio_id,cb1_0.user_id,cb1_0.email,cb1_0.password,cb1_0.username,p1_0.name from portfolios p1_0 left join users cb1_0 on cb1_0.user_id=p1_0.created_by where p1_0.portfolio_id=?
Hibernate: select pq1_0.symbol,pq1_0.asset_type,pq1_0.last_updated,pq1_0.price,pq1_0.source from price_quotes pq1_0 where pq1_0.symbol=?
Hibernate: select u1_0.user_id,u1_0.email,u1_0.password,u1_0.username from users u1_0 where u1_0.user_id=?
Hibernate: select m1_0.membership_id,m1_0.portfolio_id,m1_0.role,m1_0.user_id from membership m1_0 where m1_0.user_id=? and m1_0.portfolio_id=?
Hibernate: select p1_0.portfolio_id,cb1_0.user_id,cb1_0.email,cb1_0.password,cb1_0.username,p1_0.name from portfolios p1_0 left join users cb1_0 on cb1_0.user_id=p1_0.created_by where p1_0.portfolio_id=?
Hibernate: select t1_0.transaction_id,t1_0.asset_type,t1_0.portfolio_id,t1_0.price_per_unit,t1_0.quantity,t1_0.symbol,t1_0.timestamp,t1_0.transaction_type from transactions t1_0 where t1_0.portfolio_id=?
Hibernate: select u1_0.user_id,u1_0.email,u1_0.password,u1_0.username from users u1_0 where u1_0.user_id=?
Hibernate: select count(*) from portfolios p1_0 where p1_0.portfolio_id=?
Hibernate: select i1_0.invite_id,i1_0.created_at,i1_0.created_by,i1_0.current_uses,i1_0.expires_at,i1_0.invite_code,i1_0.max_uses,i1_0.portfolio_id,i1_0.role from invites i1_0 where i1_0.portfolio_id=? and i1_0.expires_at>?
Hibernate: select u1_0.user_id,u1_0.email,u1_0.password,u1_0.username from users u1_0 where u1_0.user_id=?
Hibernate: select m1_0.membership_id,m1_0.portfolio_id,m1_0.role,m1_0.user_id from membership m1_0 where m1_0.user_id=? and m1_0.portfolio_id=?
Hibernate: select p1_0.portfolio_id,cb1_0.user_id,cb1_0.email,cb1_0.password,cb1_0.username,p1_0.name from portfolios p1_0 left join users cb1_0 on cb1_0.user_id=p1_0.created_by where p1_0.portfolio_id=?
Hibernate: select i1_0.invite_id,i1_0.created_at,i1_0.created_by,i1_0.current_uses,i1_0.expires_at,i1_0.invite_code,i1_0.max_uses,i1_0.portfolio_id,i1_0.role from invites i1_0 where i1_0.invite_code=?
Hibernate: insert into invites (created_at,created_by,current_uses,expires_at,invite_code,max_uses,portfolio_id,role) values (?,?,?,?,?,?,?,?)
Hibernate: select u1_0.user_id,u1_0.email,u1_0.password,u1_0.username from users u1_0 where u1_0.user_id=?
Hibernate: select count(*) from portfolios p1_0 where p1_0.portfolio_id=?
Hibernate: select i1_0.invite_id,i1_0.created_at,i1_0.created_by,i1_0.current_uses,i1_0.expires_at,i1_0.invite_code,i1_0.max_uses,i1_0.portfolio_id,i1_0.role from invites i1_0 where i1_0.portfolio_id=? and i1_0.expires_at>?
Hibernate: select u1_0.user_id,u1_0.email,u1_0.password,u1_0.username from users u1_0 where u1_0.user_id=?
Hibernate: select p1_0.portfolio_id,cb1_0.user_id,cb1_0.email,cb1_0.password,cb1_0.username,p1_0.name from portfolios p1_0 left join users cb1_0 on cb1_0.user_id=p1_0.created_by where p1_0.portfolio_id=?
Hibernate: select u1_0.user_id,u1_0.email,u1_0.password,u1_0.username from users u1_0 where u1_0.username=?
Hibernate: insert into users (email,password,username) values (?,?,?)
Hibernate: select u1_0.user_id,u1_0.email,u1_0.password,u1_0.username from users u1_0 where u1_0.username=?
Hibernate: select u1_0.user_id,u1_0.email,u1_0.password,u1_0.username from users u1_0 where u1_0.user_id=?
Hibernate: select count(*) from users u1_0 where u1_0.user_id=?
Hibernate: select m1_0.membership_id,m1_0.portfolio_id,m1_0.role,m1_0.user_id from membership m1_0 where m1_0.user_id=?
Hibernate: select u1_0.user_id,u1_0.email,u1_0.password,u1_0.username from users u1_0 where u1_0.user_id=?
Hibernate: select count(*) from users u1_0 where u1_0.user_id=?
Hibernate: select m1_0.membership_id,m1_0.portfolio_id,m1_0.role,m1_0.user_id from membership m1_0 where m1_0.user_id=?
Hibernate: select u1_0.user_id,u1_0.email,u1_0.password,u1_0.username from users u1_0 where u1_0.user_id=?
Hibernate: select i1_0.invite_id,i1_0.created_at,i1_0.created_by,i1_0.current_uses,i1_0.expires_at,i1_0.invite_code,i1_0.max_uses,i1_0.portfolio_id,i1_0.role from invites i1_0 where i1_0.invite_code=?
Hibernate: select u1_0.user_id,u1_0.email,u1_0.password,u1_0.username from users u1_0 where u1_0.user_id=?
Hibernate: select p1_0.portfolio_id,cb1_0.user_id,cb1_0.email,cb1_0.password,cb1_0.username,p1_0.name from portfolios p1_0 left join users cb1_0 on cb1_0.user_id=p1_0.created_by where p1_0.portfolio_id=?
Hibernate: select u1_0.user_id,u1_0.email,u1_0.password,u1_0.username from users u1_0 where u1_0.user_id=?
Hibernate: select m1_0.membership_id,m1_0.portfolio_id,m1_0.role,m1_0.user_id from membership m1_0 where m1_0.user_id=? and m1_0.portfolio_id=?
Hibernate: update invites set created_at=?,created_by=?,current_uses=?,expires_at=?,invite_code=?,max_uses=?,portfolio_id=?,role=? where invite_id=?
Hibernate: insert into membership (portfolio_id,role,user_id) values (?,?,?)
Hibernate: select u1_0.user_id,u1_0.email,u1_0.password,u1_0.username from users u1_0 where u1_0.user_id=?
Hibernate: select count(*) from users u1_0 where u1_0.user_id=?
Hibernate: select m1_0.membership_id,m1_0.portfolio_id,m1_0.role,m1_0.user_id from membership m1_0 where m1_0.user_id=?
Hibernate: select p1_0.portfolio_id,cb1_0.user_id,cb1_0.email,cb1_0.password,cb1_0.username,p1_0.name from portfolios p1_0 left join users cb1_0 on cb1_0.user_id=p1_0.created_by where p1_0.portfolio_id=?
Hibernate: select u1_0.user_id,u1_0.email,u1_0.password,u1_0.username from users u1_0 where u1_0.user_id=?
Hibernate: select m1_0.membership_id,m1_0.portfolio_id,m1_0.role,m1_0.user_id from membership m1_0 where m1_0.user_id=? and m1_0.portfolio_id=?
Hibernate: select count(*) from portfolios p1_0 where p1_0.portfolio_id=?
Hibernate: select p1_0.position_id,p1_0.asset_type,p1_0.average_cost_per_unit,p1_0.portfolio_id,p1_0.symbol,p1_0.total_cost,p1_0.total_quantity from positions p1_0 where p1_0.portfolio_id=?
Hibernate: select pq1_0.symbol,pq1_0.asset_type,pq1_0.last_updated,pq1_0.price,pq1_0.source from price_quotes pq1_0 where pq1_0.symbol=?
Hibernate: select m1_0.membership_id,m1_0.portfolio_id,m1_0.role,m1_0.user_id from membership m1_0 where m1_0.user_id=? and m1_0.portfolio_id=?
Hibernate: select count(*) from portfolios p1_0 where p1_0.portfolio_id=?
Hibernate: select p1_0.position_id,p1_0.asset_type,p1_0.average_cost_per_unit,p1_0.portfolio_id,p1_0.symbol,p1_0.total_cost,p1_0.total_quantity from positions p1_0 where p1_0.portfolio_id=?
Hibernate: select count(*) from portfolios p1_0 where p1_0.portfolio_id=?
Hibernate: select p1_0.position_id,p1_0.asset_type,p1_0.average_cost_per_unit,p1_0.portfolio_id,p1_0.symbol,p1_0.total_cost,p1_0.total_quantity from positions p1_0 where p1_0.portfolio_id=?
Hibernate: select p1_0.position_id,p1_0.asset_type,p1_0.average_cost_per_unit,p1_0.portfolio_id,p1_0.symbol,p1_0.total_cost,p1_0.total_quantity from positions p1_0 where p1_0.portfolio_id=? and p1_0.symbol=?
Hibernate: select u1_0.user_id,u1_0.email,u1_0.password,u1_0.username from users u1_0 where u1_0.user_id=?
Hibernate: select u1_0.user_id,u1_0.email,u1_0.password,u1_0.username from users u1_0 where u1_0.user_id=?
Hibernate: select u1_0.user_id,u1_0.email,u1_0.password,u1_0.username from users u1_0 where u1_0.user_id=?
Hibernate: select p1_0.portfolio_id,cb1_0.user_id,cb1_0.email,cb1_0.password,cb1_0.username,p1_0.name from portfolios p1_0 left join users cb1_0 on cb1_0.user_id=p1_0.created_by where p1_0.portfolio_id=?
Hibernate: select count(*) from portfolios p1_0 where p1_0.portfolio_id=?
Hibernate: select count(*) from portfolios p1_0 where p1_0.portfolio_id=?
Hibernate: select p1_0.position_id,p1_0.asset_type,p1_0.average_cost_per_unit,p1_0.portfolio_id,p1_0.symbol,p1_0.total_cost,p1_0.total_quantity from positions p1_0 where p1_0.portfolio_id=?
Hibernate: select m1_0.membership_id,m1_0.portfolio_id,m1_0.role,m1_0.user_id from membership m1_0 where m1_0.user_id=? and m1_0.portfolio_id=?
Hibernate: select u1_0.user_id,u1_0.email,u1_0.password,u1_0.username from users u1_0 where u1_0.user_id=?
Hibernate: select m1_0.membership_id,m1_0.portfolio_id,m1_0.role,m1_0.user_id from membership m1_0 where m1_0.portfolio_id=?
Hibernate: select p1_0.portfolio_id,cb1_0.user_id,cb1_0.email,cb1_0.password,cb1_0.username,p1_0.name from portfolios p1_0 left join users cb1_0 on cb1_0.user_id=p1_0.created_by where p1_0.portfolio_id=?
Hibernate: select p1_0.portfolio_id,cb1_0.user_id,cb1_0.email,cb1_0.password,cb1_0.username,p1_0.name from portfolios p1_0 left join users cb1_0 on cb1_0.user_id=p1_0.created_by where p1_0.portfolio_id=?
Hibernate: select u1_0.user_id,u1_0.email,u1_0.password,u1_0.username from users u1_0 where u1_0.user_id=?
Hibernate: select count(*) from portfolios p1_0 where p1_0.portfolio_id=?
Hibernate: select p1_0.position_id,p1_0.asset_type,p1_0.average_cost_per_unit,p1_0.portfolio_id,p1_0.symbol,p1_0.total_cost,p1_0.total_quantity from positions p1_0 where p1_0.portfolio_id=?
Hibernate: select pq1_0.symbol,pq1_0.asset_type,pq1_0.last_updated,pq1_0.price,pq1_0.source from price_quotes pq1_0 where pq1_0.symbol=?
Hibernate: select u1_0.user_id,u1_0.email,u1_0.password,u1_0.username from users u1_0 where u1_0.user_id=?
Hibernate: select u1_0.user_id,u1_0.email,u1_0.password,u1_0.username from users u1_0 where u1_0.user_id=?
Hibernate: select m1_0.membership_id,m1_0.portfolio_id,m1_0.role,m1_0.user_id from membership m1_0 where m1_0.user_id=? and m1_0.portfolio_id=?
Hibernate: select count(*) from portfolios p1_0 where p1_0.portfolio_id=?
Hibernate: select count(*) from portfolios p1_0 where p1_0.portfolio_id=?
Hibernate: select count(*) from portfolios p1_0 where p1_0.portfolio_id=?
Hibernate: select p1_0.position_id,p1_0.asset_type,p1_0.average_cost_per_unit,p1_0.portfolio_id,p1_0.symbol,p1_0.total_cost,p1_0.total_quantity from positions p1_0 where p1_0.portfolio_id=?
Hibernate: select p1_0.position_id,p1_0.asset_type,p1_0.average_cost_per_unit,p1_0.portfolio_id,p1_0.symbol,p1_0.total_cost,p1_0.total_quantity from positions p1_0 where p1_0.portfolio_id=?
Hibernate: select p1_0.portfolio_id,cb1_0.user_id,cb1_0.email,cb1_0.password,cb1_0.username,p1_0.name from portfolios p1_0 left join users cb1_0 on cb1_0.user_id=p1_0.created_by where p1_0.portfolio_id=?
Hibernate: select m1_0.membership_id,m1_0.portfolio_id,m1_0.role,m1_0.user_id from membership m1_0 where m1_0.portfolio_id=?
Hibernate: select p1_0.portfolio_id,cb1_0.user_id,cb1_0.email,cb1_0.password,cb1_0.username,p1_0.name from portfolios p1_0 left join users cb1_0 on cb1_0.user_id=p1_0.created_by where p1_0.portfolio_id=?
Hibernate: select count(*) from portfolios p1_0 where p1_0.portfolio_id=?
Hibernate: select u1_0.user_id,u1_0.email,u1_0.password,u1_0.username from users u1_0 where u1_0.user_id=?
Hibernate: select p1_0.position_id,p1_0.asset_type,p1_0.average_cost_per_unit,p1_0.portfolio_id,p1_0.symbol,p1_0.total_cost,p1_0.total_quantity from positions p1_0 where p1_0.portfolio_id=?
Hibernate: select p1_0.position_id,p1_0.asset_type,p1_0.average_cost_per_unit,p1_0.portfolio_id,p1_0.symbol,p1_0.total_cost,p1_0.total_quantity from positions p1_0 where p1_0.portfolio_id=? and p1_0.symbol=?
Hibernate: select u1_0.user_id,u1_0.email,u1_0.password,u1_0.username from users u1_0 where u1_0.user_id=?
Hibernate: select p1_0.portfolio_id,cb1_0.user_id,cb1_0.email,cb1_0.password,cb1_0.username,p1_0.name from portfolios p1_0 left join users cb1_0 on cb1_0.user_id=p1_0.created_by where p1_0.portfolio_id=?
Hibernate: select m1_0.membership_id,m1_0.portfolio_id,m1_0.role,m1_0.user_id from membership m1_0 where m1_0.user_id=? and m1_0.portfolio_id=?
Hibernate: select u1_0.user_id,u1_0.email,u1_0.password,u1_0.username from users u1_0 where u1_0.user_id=?
Hibernate: select count(*) from portfolios p1_0 where p1_0.portfolio_id=?
Hibernate: select u1_0.user_id,u1_0.email,u1_0.password,u1_0.username from users u1_0 where u1_0.user_id=?
Hibernate: select p1_0.position_id,p1_0.asset_type,p1_0.average_cost_per_unit,p1_0.portfolio_id,p1_0.symbol,p1_0.total_cost,p1_0.total_quantity from positions p1_0 where p1_0.portfolio_id=?
Hibernate: select pq1_0.symbol,pq1_0.asset_type,pq1_0.last_updated,pq1_0.price,pq1_0.source from price_quotes pq1_0 where pq1_0.symbol=?
Hibernate: select count(*) from portfolios p1_0 where p1_0.portfolio_id=?
Hibernate: select p1_0.position_id,p1_0.asset_type,p1_0.average_cost_per_unit,p1_0.portfolio_id,p1_0.symbol,p1_0.total_cost,p1_0.total_quantity from positions p1_0 where p1_0.portfolio_id=? and p1_0.symbol=?
Hibernate: select p1_0.portfolio_id,cb1_0.user_id,cb1_0.email,cb1_0.password,cb1_0.username,p1_0.name from portfolios p1_0 left join users cb1_0 on cb1_0.user_id=p1_0.created_by where p1_0.portfolio_id=?
Hibernate: select m1_0.membership_id,m1_0.portfolio_id,m1_0.role,m1_0.user_id from membership m1_0 where m1_0.user_id=? and m1_0.portfolio_id=?
Hibernate: select pq1_0.symbol,pq1_0.asset_type,pq1_0.last_updated,pq1_0.price,pq1_0.source from price_quotes pq1_0 where pq1_0.symbol=?
Hibernate: select count(*) from portfolios p1_0 where p1_0.portfolio_id=?
Hibernate: select p1_0.position_id,p1_0.asset_type,p1_0.average_cost_per_unit,p1_0.portfolio_id,p1_0.symbol,p1_0.total_cost,p1_0.total_quantity from positions p1_0 where p1_0.portfolio_id=?
Hibernate: select count(*) from portfolios p1_0 where p1_0.portfolio_id=?
Hibernate: select p1_0.position_id,p1_0.asset_type,p1_0.average_cost_per_unit,p1_0.portfolio_id,p1_0.symbol,p1_0.total_cost,p1_0.total_quantity from positions p1_0 where p1_0.portfolio_id=?
Hibernate: select p1_0.position_id,p1_0.asset_type,p1_0.average_cost_per_unit,p1_0.portfolio_id,p1_0.symbol,p1_0.total_cost,p1_0.total_quantity from positions p1_0 where p1_0.portfolio_id=? and p1_0.symbol=?
Hibernate: select u1_0.user_id,u1_0.email,u1_0.password,u1_0.username from users u1_0 where u1_0.user_id=?
Hibernate: select count(*) from portfolios p1_0 where p1_0.portfolio_id=?
Hibernate: select p1_0.position_id,p1_0.asset_type,p1_0.average_cost_per_unit,p1_0.portfolio_id,p1_0.symbol,p1_0.total_cost,p1_0.total_quantity from positions p1_0 where p1_0.portfolio_id=? and p1_0.symbol=?
Hibernate: select p1_0.portfolio_id,cb1_0.user_id,cb1_0.email,cb1_0.password,cb1_0.username,p1_0.name from portfolios p1_0 left join users cb1_0 on cb1_0.user_id=p1_0.created_by where p1_0.portfolio_id=?
Hibernate: select pq1_0.symbol,pq1_0.asset_type,pq1_0.last_updated,pq1_0.price,pq1_0.source from price_quotes pq1_0 where pq1_0.symbol=?
Hibernate: select u1_0.user_id,u1_0.email,u1_0.password,u1_0.username from users u1_0 where u1_0.user_id=?
Hibernate: select m1_0.membership_id,m1_0.portfolio_id,m1_0.role,m1_0.user_id from membership m1_0 where m1_0.user_id=? and m1_0.portfolio_id=?
Hibernate: select p1_0.portfolio_id,cb1_0.user_id,cb1_0.email,cb1_0.password,cb1_0.username,p1_0.name from portfolios p1_0 left join users cb1_0 on cb1_0.user_id=p1_0.created_by where p1_0.portfolio_id=?
Hibernate: select u1_0.user_id,u1_0.email,u1_0.password,u1_0.username from users u1_0 where u1_0.user_id=?
Hibernate: select t1_0.transaction_id,t1_0.asset_type,t1_0.portfolio_id,t1_0.price_per_unit,t1_0.quantity,t1_0.symbol,t1_0.timestamp,t1_0.transaction_type from transactions t1_0 where t1_0.portfolio_id=?
Hibernate: select u1_0.user_id,u1_0.email,u1_0.password,u1_0.username from users u1_0 where u1_0.user_id=?
Hibernate: select pq1_0.symbol,pq1_0.asset_type,pq1_0.last_updated,pq1_0.price,pq1_0.source from price_quotes pq1_0 where pq1_0.symbol=?
Hibernate: select pq1_0.symbol,pq1_0.asset_type,pq1_0.last_updated,pq1_0.price,pq1_0.source from price_quotes pq1_0 where pq1_0.symbol=?
Hibernate: insert into price_quotes (asset_type,last_updated,price,source,symbol) values (?,?,?,?,?)
Hibernate: select m1_0.membership_id,m1_0.portfolio_id,m1_0.role,m1_0.user_id from membership m1_0 where m1_0.user_id=? and m1_0.portfolio_id=?
Hibernate: select p1_0.portfolio_id,cb1_0.user_id,cb1_0.email,cb1_0.password,cb1_0.username,p1_0.name from portfolios p1_0 left join users cb1_0 on cb1_0.user_id=p1_0.created_by where p1_0.portfolio_id=?
Hibernate: select u1_0.user_id,u1_0.email,u1_0.password,u1_0.username from users u1_0 where u1_0.user_id=?
Hibernate: select p1_0.position_id,p1_0.asset_type,p1_0.average_cost_per_unit,p1_0.portfolio_id,p1_0.symbol,p1_0.total_cost,p1_0.total_quantity from positions p1_0 where p1_0.portfolio_id=? and p1_0.symbol=?
Hibernate: insert into transactions (asset_type,portfolio_id,price_per_unit,quantity,symbol,timestamp,transaction_type) values (?,?,?,?,?,?,?)
Hibernate: select p1_0.position_id,p1_0.asset_type,p1_0.average_cost_per_unit,p1_0.portfolio_id,p1_0.symbol,p1_0.total_cost,p1_0.total_quantity from positions p1_0 where p1_0.portfolio_id=? and p1_0.symbol=?
Hibernate: insert into positions (asset_type,average_cost_per_unit,portfolio_id,symbol,total_cost,total_quantity) values (?,?,?,?,?,?)
Hibernate: update positions set asset_type=?,average_cost_per_unit=?,portfolio_id=?,symbol=?,total_cost=?,total_quantity=? where position_id=?
Hibernate: select count(*) from portfolios p1_0 where p1_0.portfolio_id=?
Hibernate: select p1_0.position_id,p1_0.asset_type,p1_0.average_cost_per_unit,p1_0.portfolio_id,p1_0.symbol,p1_0.total_cost,p1_0.total_quantity from positions p1_0 where p1_0.portfolio_id=? and p1_0.symbol=?
Hibernate: select count(*) from portfolios p1_0 where p1_0.portfolio_id=?
Hibernate: select p1_0.position_id,p1_0.asset_type,p1_0.average_cost_per_unit,p1_0.portfolio_id,p1_0.symbol,p1_0.total_cost,p1_0.total_quantity from positions p1_0 where p1_0.portfolio_id=? and p1_0.symbol=?
Hibernate: select u1_0.user_id,u1_0.email,u1_0.password,u1_0.username from users u1_0 where u1_0.user_id=?
Hibernate: select u1_0.user_id,u1_0.email,u1_0.password,u1_0.username from users u1_0 where u1_0.user_id=?
Hibernate: select p1_0.portfolio_id,cb1_0.user_id,cb1_0.email,cb1_0.password,cb1_0.username,p1_0.name from portfolios p1_0 left join users cb1_0 on cb1_0.user_id=p1_0.created_by where p1_0.portfolio_id=?
Hibernate: select count(*) from portfolios p1_0 where p1_0.portfolio_id=?
Hibernate: select p1_0.position_id,p1_0.asset_type,p1_0.average_cost_per_unit,p1_0.portfolio_id,p1_0.symbol,p1_0.total_cost,p1_0.total_quantity from positions p1_0 where p1_0.portfolio_id=?
Hibernate: select p1_0.portfolio_id,cb1_0.user_id,cb1_0.email,cb1_0.password,cb1_0.username,p1_0.name from portfolios p1_0 left join users cb1_0 on cb1_0.user_id=p1_0.created_by where p1_0.portfolio_id=?
Hibernate: select m1_0.membership_id,m1_0.portfolio_id,m1_0.role,m1_0.user_id from membership m1_0 where m1_0.user_id=? and m1_0.portfolio_id=?
Hibernate: select u1_0.user_id,u1_0.email,u1_0.password,u1_0.username from users u1_0 where u1_0.user_id=?
Hibernate: select count(*) from portfolios p1_0 where p1_0.portfolio_id=?
Hibernate: select p1_0.position_id,p1_0.asset_type,p1_0.average_cost_per_unit,p1_0.portfolio_id,p1_0.symbol,p1_0.total_cost,p1_0.total_quantity from positions p1_0 where p1_0.portfolio_id=?
Hibernate: select pq1_0.symbol,pq1_0.asset_type,pq1_0.last_updated,pq1_0.price,pq1_0.source from price_quotes pq1_0 where pq1_0.symbol=?
Hibernate: select pq1_0.symbol,pq1_0.asset_type,pq1_0.last_updated,pq1_0.price,pq1_0.source from price_quotes pq1_0 where pq1_0.symbol=?
Hibernate: select m1_0.membership_id,m1_0.portfolio_id,m1_0.role,m1_0.user_id from membership m1_0 where m1_0.user_id=? and m1_0.portfolio_id=?
Hibernate: select count(*) from portfolios p1_0 where p1_0.portfolio_id=?
Hibernate: select p1_0.position_id,p1_0.asset_type,p1_0.average_cost_per_unit,p1_0.portfolio_id,p1_0.symbol,p1_0.total_cost,p1_0.total_quantity from positions p1_0 where p1_0.portfolio_id=?
Hibernate: select count(*) from portfolios p1_0 where p1_0.portfolio_id=?
Hibernate: select p1_0.position_id,p1_0.asset_type,p1_0.average_cost_per_unit,p1_0.portfolio_id,p1_0.symbol,p1_0.total_cost,p1_0.total_quantity from positions p1_0 where p1_0.portfolio_id=?
Hibernate: select p1_0.position_id,p1_0.asset_type,p1_0.average_cost_per_unit,p1_0.portfolio_id,p1_0.symbol,p1_0.total_cost,p1_0.total_quantity from positions p1_0 where p1_0.portfolio_id=? and p1_0.symbol=?
Hibernate: select u1_0.user_id,u1_0.email,u1_0.password,u1_0.username from users u1_0 where u1_0.user_id=?
Hibernate: select m1_0.membership_id,m1_0.portfolio_id,m1_0.role,m1_0.user_id from membership m1_0 where m1_0.user_id=? and m1_0.portfolio_id=?
Hibernate: select p1_0.portfolio_id,cb1_0.user_id,cb1_0.email,cb1_0.password,cb1_0.username,p1_0.name from portfolios p1_0 left join users cb1_0 on cb1_0.user_id=p1_0.created_by where p1_0.portfolio_id=?
Hibernate: select u1_0.user_id,u1_0.email,u1_0.password,u1_0.username from users u1_0 where u1_0.user_id=?
Hibernate: select t1_0.transaction_id,t1_0.asset_type,t1_0.portfolio_id,t1_0.price_per_unit,t1_0.quantity,t1_0.symbol,t1_0.timestamp,t1_0.transaction_type from transactions t1_0 where t1_0.portfolio_id=?
Hibernate: select u1_0.user_id,u1_0.email,u1_0.password,u1_0.username from users u1_0 where u1_0.user_id=?
Hibernate: select u1_0.user_id,u1_0.email,u1_0.password,u1_0.username from users u1_0 where u1_0.user_id=?
Hibernate: select count(*) from portfolios p1_0 where p1_0.portfolio_id=?
Hibernate: select p1_0.position_id,p1_0.asset_type,p1_0.average_cost_per_unit,p1_0.portfolio_id,p1_0.symbol,p1_0.total_cost,p1_0.total_quantity from positions p1_0 where p1_0.portfolio_id=? and p1_0.symbol=?
Hibernate: select p1_0.portfolio_id,cb1_0.user_id,cb1_0.email,cb1_0.password,cb1_0.username,p1_0.name from portfolios p1_0 left join users cb1_0 on cb1_0.user_id=p1_0.created_by where p1_0.portfolio_id=?
Hibernate: select count(*) from portfolios p1_0 where p1_0.portfolio_id=?
Hibernate: select p1_0.position_id,p1_0.asset_type,p1_0.average_cost_per_unit,p1_0.portfolio_id,p1_0.symbol,p1_0.total_cost,p1_0.total_quantity from positions p1_0 where p1_0.portfolio_id=? and p1_0.symbol=?
Hibernate: select p1_0.portfolio_id,cb1_0.user_id,cb1_0.email,cb1_0.password,cb1_0.username,p1_0.name from portfolios p1_0 left join users cb1_0 on cb1_0.user_id=p1_0.created_by where p1_0.portfolio_id=?
Hibernate: select pq1_0.symbol,pq1_0.asset_type,pq1_0.last_updated,pq1_0.price,pq1_0.source from price_quotes pq1_0 where pq1_0.symbol=?
Hibernate: select pq1_0.symbol,pq1_0.asset_type,pq1_0.last_updated,pq1_0.price,pq1_0.source from price_quotes pq1_0 where pq1_0.symbol=?
Hibernate: select u1_0.user_id,u1_0.email,u1_0.password,u1_0.username from users u1_0 where u1_0.user_id=?
Hibernate: select pq1_0.symbol,pq1_0.asset_type,pq1_0.last_updated,pq1_0.price,pq1_0.source from price_quotes pq1_0 where pq1_0.symbol=?
Hibernate: select pq1_0.symbol,pq1_0.asset_type,pq1_0.last_updated,pq1_0.price,pq1_0.source from price_quotes pq1_0 where pq1_0.symbol=?
Hibernate: insert into price_quotes (asset_type,last_updated,price,source,symbol) values (?,?,?,?,?)
Hibernate: select m1_0.membership_id,m1_0.portfolio_id,m1_0.role,m1_0.user_id from membership m1_0 where m1_0.user_id=? and m1_0.portfolio_id=?
Hibernate: select p1_0.portfolio_id,cb1_0.user_id,cb1_0.email,cb1_0.password,cb1_0.username,p1_0.name from portfolios p1_0 left join users cb1_0 on cb1_0.user_id=p1_0.created_by where p1_0.portfolio_id=?
Hibernate: select u1_0.user_id,u1_0.email,u1_0.password,u1_0.username from users u1_0 where u1_0.user_id=?
Hibernate: select p1_0.position_id,p1_0.asset_type,p1_0.average_cost_per_unit,p1_0.portfolio_id,p1_0.symbol,p1_0.total_cost,p1_0.total_quantity from positions p1_0 where p1_0.portfolio_id=? and p1_0.symbol=?
Hibernate: insert into transactions (asset_type,portfolio_id,price_per_unit,quantity,symbol,timestamp,transaction_type) values (?,?,?,?,?,?,?)
Hibernate: select p1_0.position_id,p1_0.asset_type,p1_0.average_cost_per_unit,p1_0.portfolio_id,p1_0.symbol,p1_0.total_cost,p1_0.total_quantity from positions p1_0 where p1_0.portfolio_id=? and p1_0.symbol=?
Hibernate: insert into positions (asset_type,average_cost_per_unit,portfolio_id,symbol,total_cost,total_quantity) values (?,?,?,?,?,?)
Hibernate: update positions set asset_type=?,average_cost_per_unit=?,portfolio_id=?,symbol=?,total_cost=?,total_quantity=? where position_id=?
Hibernate: select count(*) from portfolios p1_0 where p1_0.portfolio_id=?
Hibernate: select p1_0.position_id,p1_0.asset_type,p1_0.average_cost_per_unit,p1_0.portfolio_id,p1_0.symbol,p1_0.total_cost,p1_0.total_quantity from positions p1_0 where p1_0.portfolio_id=? and p1_0.symbol=?
Hibernate: select count(*) from portfolios p1_0 where p1_0.portfolio_id=?
Hibernate: select p1_0.position_id,p1_0.asset_type,p1_0.average_cost_per_unit,p1_0.portfolio_id,p1_0.symbol,p1_0.total_cost,p1_0.total_quantity from positions p1_0 where p1_0.portfolio_id=? and p1_0.symbol=?
Hibernate: select u1_0.user_id,u1_0.email,u1_0.password,u1_0.username from users u1_0 where u1_0.user_id=?
Hibernate: select u1_0.user_id,u1_0.email,u1_0.password,u1_0.username from users u1_0 where u1_0.user_id=?
Hibernate: select p1_0.portfolio_id,cb1_0.user_id,cb1_0.email,cb1_0.password,cb1_0.username,p1_0.name from portfolios p1_0 left join users cb1_0 on cb1_0.user_id=p1_0.created_by where p1_0.portfolio_id=?
Hibernate: select count(*) from portfolios p1_0 where p1_0.portfolio_id=?
Hibernate: select p1_0.position_id,p1_0.asset_type,p1_0.average_cost_per_unit,p1_0.portfolio_id,p1_0.symbol,p1_0.total_cost,p1_0.total_quantity from positions p1_0 where p1_0.portfolio_id=?
Hibernate: select p1_0.portfolio_id,cb1_0.user_id,cb1_0.email,cb1_0.password,cb1_0.username,p1_0.name from portfolios p1_0 left join users cb1_0 on cb1_0.user_id=p1_0.created_by where p1_0.portfolio_id=?
Hibernate: select m1_0.membership_id,m1_0.portfolio_id,m1_0.role,m1_0.user_id from membership m1_0 where m1_0.user_id=? and m1_0.portfolio_id=?
Hibernate: select u1_0.user_id,u1_0.email,u1_0.password,u1_0.username from users u1_0 where u1_0.user_id=?
Hibernate: select count(*) from portfolios p1_0 where p1_0.portfolio_id=?
Hibernate: select p1_0.position_id,p1_0.asset_type,p1_0.average_cost_per_unit,p1_0.portfolio_id,p1_0.symbol,p1_0.total_cost,p1_0.total_quantity from positions p1_0 where p1_0.portfolio_id=?
Hibernate: select pq1_0.symbol,pq1_0.asset_type,pq1_0.last_updated,pq1_0.price,pq1_0.source from price_quotes pq1_0 where pq1_0.symbol=?
Hibernate: select pq1_0.symbol,pq1_0.asset_type,pq1_0.last_updated,pq1_0.price,pq1_0.source from price_quotes pq1_0 where pq1_0.symbol=?
Hibernate: select pq1_0.symbol,pq1_0.asset_type,pq1_0.last_updated,pq1_0.price,pq1_0.source from price_quotes pq1_0 where pq1_0.symbol=?
Hibernate: select m1_0.membership_id,m1_0.portfolio_id,m1_0.role,m1_0.user_id from membership m1_0 where m1_0.user_id=? and m1_0.portfolio_id=?
Hibernate: select count(*) from portfolios p1_0 where p1_0.portfolio_id=?
Hibernate: select p1_0.position_id,p1_0.asset_type,p1_0.average_cost_per_unit,p1_0.portfolio_id,p1_0.symbol,p1_0.total_cost,p1_0.total_quantity from positions p1_0 where p1_0.portfolio_id=?
Hibernate: select count(*) from portfolios p1_0 where p1_0.portfolio_id=?
Hibernate: select p1_0.position_id,p1_0.asset_type,p1_0.average_cost_per_unit,p1_0.portfolio_id,p1_0.symbol,p1_0.total_cost,p1_0.total_quantity from positions p1_0 where p1_0.portfolio_id=?
Hibernate: select p1_0.position_id,p1_0.asset_type,p1_0.average_cost_per_unit,p1_0.portfolio_id,p1_0.symbol,p1_0.total_cost,p1_0.total_quantity from positions p1_0 where p1_0.portfolio_id=? and p1_0.symbol=?
Hibernate: select u1_0.user_id,u1_0.email,u1_0.password,u1_0.username from users u1_0 where u1_0.user_id=?
Hibernate: select m1_0.membership_id,m1_0.portfolio_id,m1_0.role,m1_0.user_id from membership m1_0 where m1_0.user_id=? and m1_0.portfolio_id=?
Hibernate: select p1_0.portfolio_id,cb1_0.user_id,cb1_0.email,cb1_0.password,cb1_0.username,p1_0.name from portfolios p1_0 left join users cb1_0 on cb1_0.user_id=p1_0.created_by where p1_0.portfolio_id=?
Hibernate: select u1_0.user_id,u1_0.email,u1_0.password,u1_0.username from users u1_0 where u1_0.user_id=?
Hibernate: select t1_0.transaction_id,t1_0.asset_type,t1_0.portfolio_id,t1_0.price_per_unit,t1_0.quantity,t1_0.symbol,t1_0.timestamp,t1_0.transaction_type from transactions t1_0 where t1_0.portfolio_id=?
Hibernate: select u1_0.user_id,u1_0.email,u1_0.password,u1_0.username from users u1_0 where u1_0.user_id=?
Hibernate: select u1_0.user_id,u1_0.email,u1_0.password,u1_0.username from users u1_0 where u1_0.user_id=?
Hibernate: select u1_0.user_id,u1_0.email,u1_0.password,u1_0.username from users u1_0 where u1_0.user_id=?
Hibernate: select count(*) from portfolios p1_0 where p1_0.portfolio_id=?
Hibernate: select count(*) from portfolios p1_0 where p1_0.portfolio_id=?
Hibernate: select p1_0.position_id,p1_0.asset_type,p1_0.average_cost_per_unit,p1_0.portfolio_id,p1_0.symbol,p1_0.total_cost,p1_0.total_quantity from positions p1_0 where p1_0.portfolio_id=? and p1_0.symbol=?
Hibernate: select p1_0.position_id,p1_0.asset_type,p1_0.average_cost_per_unit,p1_0.portfolio_id,p1_0.symbol,p1_0.total_cost,p1_0.total_quantity from positions p1_0 where p1_0.portfolio_id=? and p1_0.symbol=?
Hibernate: select p1_0.portfolio_id,cb1_0.user_id,cb1_0.email,cb1_0.password,cb1_0.username,p1_0.name from portfolios p1_0 left join users cb1_0 on cb1_0.user_id=p1_0.created_by where p1_0.portfolio_id=?
Hibernate: select count(*) from portfolios p1_0 where p1_0.portfolio_id=?
Hibernate: select p1_0.portfolio_id,cb1_0.user_id,cb1_0.email,cb1_0.password,cb1_0.username,p1_0.name from portfolios p1_0 left join users cb1_0 on cb1_0.user_id=p1_0.created_by where p1_0.portfolio_id=?
Hibernate: select p1_0.position_id,p1_0.asset_type,p1_0.average_cost_per_unit,p1_0.portfolio_id,p1_0.symbol,p1_0.total_cost,p1_0.total_quantity from positions p1_0 where p1_0.portfolio_id=? and p1_0.symbol=?
Hibernate: select p1_0.portfolio_id,cb1_0.user_id,cb1_0.email,cb1_0.password,cb1_0.username,p1_0.name from portfolios p1_0 left join users cb1_0 on cb1_0.user_id=p1_0.created_by where p1_0.portfolio_id=?
Hibernate: select pq1_0.symbol,pq1_0.asset_type,pq1_0.last_updated,pq1_0.price,pq1_0.source from price_quotes pq1_0 where pq1_0.symbol=?
Hibernate: select pq1_0.symbol,pq1_0.asset_type,pq1_0.last_updated,pq1_0.price,pq1_0.source from price_quotes pq1_0 where pq1_0.symbol=?
Hibernate: select pq1_0.symbol,pq1_0.asset_type,pq1_0.last_updated,pq1_0.price,pq1_0.source from price_quotes pq1_0 where pq1_0.symbol=?
2026-05-27T20:28:14.618-06:00  WARN 26720 --- [PortfolioTracker] [l-1:housekeeper] com.zaxxer.hikari.pool.HikariPool        : HikariPool-1 - Thread starvation or clock leap detected (housekeeper delta=3m51s18ms194µs200ns).
2026-05-27T21:12:44.182-06:00  WARN 26720 --- [PortfolioTracker] [l-1:housekeeper] com.zaxxer.hikari.pool.HikariPool        : HikariPool-1 - Thread starvation or clock leap detected (housekeeper delta=28m59s336ms949µs200ns).
2026-05-28T12:59:26.736-06:00  WARN 26720 --- [PortfolioTracker] [l-1:housekeeper] com.zaxxer.hikari.pool.HikariPool        : HikariPool-1 - Thread starvation or clock leap detected (housekeeper delta=15h46m47s558ms825µs300ns).
Hibernate: select pq1_0.symbol,pq1_0.asset_type,pq1_0.last_updated,pq1_0.price,pq1_0.source from price_quotes pq1_0
Updated AAPL
Failed to update BTC: Symbol not found: BTC
Failed to update NVDA: Symbol not found: NVDA
Hibernate: update price_quotes set asset_type=?,last_updated=?,price=?,source=? where symbol=?
2026-05-28T14:59:28.198-06:00  WARN 26720 --- [PortfolioTracker] [l-1:housekeeper] com.zaxxer.hikari.pool.HikariPool        : HikariPool-1 - Thread starvation or clock leap detected (housekeeper delta=23m57s843ms883µs300ns).
[INFO] ------------------------------------------------------------------------
[INFO] BUILD FAILURE
[INFO] ------------------------------------------------------------------------
[INFO] Total time:  19:49 h
[INFO] Finished at: 2026-05-28T16:02:44-06:00
[INFO] ------------------------------------------------------------------------
[ERROR] Failed to execute goal org.springframework.boot:spring-boot-maven-plugin:4.0.2:run (default-cli) on project portfoliotracker: Process terminated with exit code: 1 -> [Help 1]
[ERROR] 
[ERROR] To see the full stack trace of the errors, re-run Maven with the -e switch.
[ERROR] Re-run Maven using the -X switch to enable full debug logging.
[ERROR] 
[ERROR] For more information about the errors and possible solutions, please read the following articles:
[ERROR] [Help 1] http://cwiki.apache.org/confluence/display/MAVEN/MojoExecutionException
